// Jest Snapshot v1, https://goo.gl/fbAQLP

exports[`Button render button 1`] = `
<div>
  <button
    class="w-full rounded border-r bg-blue-800 px-4 py-3.5 text-sm font-bold leading-5 text-white disabled:bg-gray-400 undefined"
  >
    hello
  </button>
</div>
`;
