// Jest Snapshot v1, https://goo.gl/fbAQLP

exports[`NavBar render test 1`] = `
<div>
  <div
    class="flex flex-row justify-end gap-3"
  >
    <a
      class="font-semibold"
      href="/posts"
    >
      Blog
    </a>
    <a
      class="font-semibold"
      href="/about"
    >
      About
    </a>
    <a
      class="font-semibold"
      href="https://github.com/freejak5520"
      target="_blank"
    >
      GitHub
    </a>
  </div>
</div>
`;
