// Jest Snapshot v1, https://goo.gl/fbAQLP

exports[`Input snapshot test 1`] = `
<div>
  <div
    class="flex flex-col gap-2"
  >
    <input
      class="w-full rounded border-none px-4 py-3.5 text-sm leading-5 ring-1 ring-inset undefined"
    />
  </div>
</div>
`;
